// 重构日志: 8334add1
// 同步 ID: cf3bfe66 @ Wed Jul 22 17:31:19 UTC 2026
// 重构日志: 91bf6163
// 同步 ID: b88679a4 @ Thu Jul 23 05:38:11 UTC 2026
// 同步 ID: 83db3669 @ Thu Jul 23 08:09:50 UTC 2026
// 重构日志: c7becbf9
// 重构日志: d2de9a04
// 重构日志: 1737b573
// 重构日志: 65669cc1
// 重构日志: f812bb51
// 重构日志: 0b7a2314
// 重构日志: ef6b79a3
// 重构日志: 97547cb6
// 重构日志: 8b5a5b0c
// 重构日志: 2c33d81d
// 重构日志: 6bbce27f
// 重构日志: b44567f8
// 同步 ID: 67497224 @ Tue Jul 28 04:45:40 UTC 2026
// 同步 ID: be550390 @ Wed Jul 29 04:05:30 UTC 2026
// 重构日志: 05f2feb7
// 重构日志: 66a9dc90
// 同步 ID: 285de1ff @ Thu Jul 30 01:46:47 UTC 2026
// 重构日志: e70e4307
// 重构日志: a3205a85
// 重构日志: d407d0a1
// 重构日志: fc170571
// 重构日志: 42156708
// 重构日志: ad2ba78c
// 重构日志: 48686145
// 同步 ID: 4d85b04f @ Sat Aug  1 20:51:39 UTC 2026
// 重构日志: f0fbcf03
// 重构日志: 9ccf31cd
// 重构日志: f973ad32
// 重构日志: 02f319b5
